Copyright 1986-2017 Xilinx, Inc. All Rights Reserved.
------------------------------------------------------------------------------------
| Tool Version : Vivado v.2017.2 (win64) Build 1909853 Thu Jun 15 18:39:09 MDT 2017
| Date         : Wed Nov  8 18:28:19 2017
| Host         : KAT-B320 running 64-bit major release  (build 9200)
| Command      : report_control_sets -verbose -file machine_control_sets_placed.rpt
| Design       : machine
| Device       : xc7a35t
------------------------------------------------------------------------------------

Control Set Information

Table of Contents
-----------------
1. Summary
2. Flip-Flop Distribution
3. Detailed Control Set Information

1. Summary
----------

+----------------------------------------------------------+-------+
|                          Status                          | Count |
+----------------------------------------------------------+-------+
| Number of unique control sets                            |    27 |
| Unused register locations in slices containing registers |    91 |
+----------------------------------------------------------+-------+


2. Flip-Flop Distribution
-------------------------

+--------------+-----------------------+------------------------+-----------------+--------------+
| Clock Enable | Synchronous Set/Reset | Asynchronous Set/Reset | Total Registers | Total Slices |
+--------------+-----------------------+------------------------+-----------------+--------------+
| No           | No                    | No                     |             131 |           61 |
| No           | No                    | Yes                    |               0 |            0 |
| No           | Yes                   | No                     |              30 |           17 |
| Yes          | No                    | No                     |              16 |            8 |
| Yes          | No                    | Yes                    |               0 |            0 |
| Yes          | Yes                   | No                     |              20 |            6 |
+--------------+-----------------------+------------------------+-----------------+--------------+


3. Detailed Control Set Information
-----------------------------------

+--------------------------------------------------------+---------------------------------+------------------------------------+------------------+----------------+
|                      Clock Signal                      |          Enable Signal          |          Set/Reset Signal          | Slice Load Count | Bel Load Count |
+--------------------------------------------------------+---------------------------------+------------------------------------+------------------+----------------+
|  vgacontroller/clk_25MHz_reg_n_0                       |                                 | vgacontroller/HS0                  |                1 |              1 |
|  vgacontroller/clk_25MHz_reg_n_0                       |                                 | vgacontroller/VS0                  |                1 |              1 |
|  vgacontroller/posy028_out                             |                                 | vgacontroller/posy0                |                1 |              1 |
|  clk1hz                                                |                                 |                                    |                1 |              1 |
|  clk1hz_reg_i_2_n_1                                    |                                 |                                    |                1 |              1 |
| ~clk50Mhz_reg_n_0                                      |                                 |                                    |                1 |              2 |
|  clk50Mhz_reg_n_0                                      |                                 |                                    |                3 |              3 |
|  states_machine1/FSM_sequential_state_f_reg[3]_i_2_n_0 |                                 |                                    |                2 |              4 |
| ~PS2Clk_IBUF_BUFG                                      | keboardin/leqOp__0              | keboardin/cnt                      |                1 |              4 |
|  clk_IBUF_BUFG                                         |                                 | rst_r_reg_n_0                      |                2 |              4 |
|  clk50Mhz_reg_n_0                                      | keboardin/deb2/count[4]_i_2_n_0 | keboardin/deb2/count[4]_i_1_n_0    |                2 |              5 |
|  states_machine1/data11_reg[7]_i_1_n_0                 |                                 |                                    |                5 |              8 |
|  states_machine1/data12_reg[7]_i_1_n_0                 |                                 |                                    |                4 |              8 |
|  states_machine1/data13_reg[7]_i_1_n_0                 |                                 |                                    |                3 |              8 |
|  states_machine1/data14_reg[7]_i_2_n_0                 |                                 |                                    |                4 |              8 |
|  states_machine1/data21_reg[7]_i_1_n_0                 |                                 |                                    |                4 |              8 |
|  states_machine1/data22_reg[7]_i_1_n_0                 |                                 |                                    |                4 |              8 |
|  states_machine1/data23_reg[7]_i_2_n_0                 |                                 |                                    |                4 |              8 |
|  states_machine1/data24_reg[7]_i_2_n_0                 |                                 |                                    |                4 |              8 |
| ~clk50Mhz_reg_n_0                                      | keboardin/keycode[7]_i_1_n_0    |                                    |                3 |              8 |
|  clk_IBUF_BUFG                                         | keboardin/flag_x                |                                    |                5 |              8 |
| ~PS2Clk_IBUF_BUFG                                      |                                 |                                    |                4 |              9 |
|  vgacontroller/clk_25MHz_reg_n_0                       |                                 | vgacontroller/hcounter[10]_i_1_n_0 |                6 |             11 |
|  vgacontroller/clk_25MHz_reg_n_0                       | vgacontroller/eqOp              | vgacontroller/vcounter[10]_i_1_n_0 |                3 |             11 |
|  vgacontroller/clk_25MHz_reg_n_0                       |                                 | vgacontroller/rgb_out[11]_i_1_n_0  |                6 |             12 |
|  vgacontroller/E[0]                                    |                                 |                                    |                8 |             14 |
|  clk_IBUF_BUFG                                         |                                 |                                    |                9 |             33 |
+--------------------------------------------------------+---------------------------------+------------------------------------+------------------+----------------+


+--------+-----------------------+
| Fanout | Number of ControlSets |
+--------+-----------------------+
| 1      |                     5 |
| 2      |                     1 |
| 3      |                     1 |
| 4      |                     3 |
| 5      |                     1 |
| 8      |                    10 |
| 9      |                     1 |
| 11     |                     2 |
| 12     |                     1 |
| 14     |                     1 |
| 16+    |                     1 |
+--------+-----------------------+


